// Jest Snapshot v1, https://goo.gl/fbAQLP

exports[`Login test should render 1`] = `
<ContextConsumer>
  <Component />
</ContextConsumer>
`;
